// Jest Snapshot v1, https://goo.gl/fbAQLP

exports[`<CellItem/> renders as expected 1`] = `ShallowWrapper {}`;
